#-----------------------------------------------------------
# Webtalk v2018.2 (64-bit)
# SW Build 2258646 on Thu Jun 14 20:02:38 MDT 2018
# IP Build 2256618 on Thu Jun 14 22:10:49 MDT 2018
# Start of session at: Fri Apr 22 11:55:19 2022
# Process ID: 55982
# Current directory: /home/a_dubois/Bureau/4_I/Systeme_info/projet_processeur/projet_processeur.sim/sim_1/behav/xsim
# Command line: wbtcv -mode batch -source /home/a_dubois/Bureau/4_I/Systeme_info/projet_processeur/projet_processeur.sim/sim_1/behav/xsim/xsim.dir/Test_Banc_Registres_behav/webtalk/xsim_webtalk.tcl -notrace
# Log file: /home/a_dubois/Bureau/4_I/Systeme_info/projet_processeur/projet_processeur.sim/sim_1/behav/xsim/webtalk.log
# Journal file: /home/a_dubois/Bureau/4_I/Systeme_info/projet_processeur/projet_processeur.sim/sim_1/behav/xsim/webtalk.jou
#-----------------------------------------------------------
source /home/a_dubois/Bureau/4_I/Systeme_info/projet_processeur/projet_processeur.sim/sim_1/behav/xsim/xsim.dir/Test_Banc_Registres_behav/webtalk/xsim_webtalk.tcl -notrace
